// Jest Snapshot v1, https://goo.gl/fbAQLP

exports[`Movie card renders correctly 1`] = `
<article
  className="small-movie-card catalog__movies-card"
  data-id={0}
  onMouseLeave={[Function]}
  onMouseOver={[Function]}
>
  <a
    className="small-movie-card__image"
    href="#/film/0"
    onClick={[Function]}
  >
    <video
      height="175"
      muted={true}
      poster="img/fantastic-beasts-the-crimes-of-grindelwald.jpg"
      width="280"
    >
      <source
        src="https://upload.wikimedia.org/wikipedia/commons/transcoded/b/b3/Big_Buck_Bunny_Trailer_400p.ogv/Big_Buck_Bunny_Trailer_400p.ogv.360p.webm"
      />
    </video>
  </a>
  <h3
    className="small-movie-card__title"
  >
    <a
      className="small-movie-card__link"
      href="#/film/0"
      onClick={[Function]}
    >
      Fantastic Beasts
    </a>
  </h3>
</article>
`;
